// Jest Snapshot v1, https://goo.gl/fbAQLP

exports[`displayer should match the snapshot 1`] = `
<View
  accessibilityRole="button"
  accessible={true}
  collapsable={false}
  focusable={true}
  onBlur={[Function]}
  onClick={[Function]}
  onFocus={[Function]}
  onResponderGrant={[Function]}
  onResponderMove={[Function]}
  onResponderRelease={[Function]}
  onResponderTerminate={[Function]}
  onResponderTerminationRequest={[Function]}
  onStartShouldSetResponder={[Function]}
>
  <View
    animatedStyle={
      Object {
        "value": Object {
          "opacity": 0,
        },
      }
    }
    collapsable={false}
    style={
      Object {
        "backgroundColor": "rgba(0,0,0,0.25)",
        "height": "100%",
        "opacity": 0,
      }
    }
    testID="animated-displayer"
  >
    <View
      style={
        Object {
          "alignItems": "center",
          "flex": 1,
          "justifyContent": "center",
        }
      }
    >
      <View
        animatedStyle={
          Object {
            "value": Object {
              "transform": Array [
                Object {
                  "scale": 1,
                },
              ],
            },
          }
        }
        collapsable={false}
        style={
          Object {
            "transform": Array [
              Object {
                "scale": 1,
              },
            ],
          }
        }
        testID="rn-video-play-button"
      >
        <View
          accessibilityRole="button"
          accessibilityState={
            Object {
              "disabled": true,
            }
          }
          accessible={true}
          collapsable={false}
          focusable={true}
          onBlur={[Function]}
          onClick={[Function]}
          onFocus={[Function]}
          onResponderGrant={[Function]}
          onResponderMove={[Function]}
          onResponderRelease={[Function]}
          onResponderTerminate={[Function]}
          onResponderTerminationRequest={[Function]}
          onStartShouldSetResponder={[Function]}
          style={
            Object {
              "alignItems": "center",
              "height": 60,
              "justifyContent": "center",
              "width": 60,
            }
          }
        >
          <SvgMock
            height={50}
            testID="play-icon"
            width={50}
          />
        </View>
      </View>
    </View>
  </View>
</View>
`;
