// Jest Snapshot v1, https://goo.gl/fbAQLP

exports[`should match the snapshot 1`] = `
<View
  onLayout={[Function]}
  style={
    Object {
      "backgroundColor": "black",
    }
  }
  testID="video-container"
>
  <View
    paused={true}
    source={
      Object {
        "uri": "mock-uri",
      }
    }
    style={
      Array [
        Object {
          "height": 0,
        },
        Object {
          "alignSelf": "stretch",
        },
      ]
    }
    testID="rn-video"
  />
  <View
    style={
      Object {
        "bottom": 0,
        "left": 0,
        "position": "absolute",
        "right": 0,
        "top": 0,
      }
    }
  >
    <View
      accessible={true}
      collapsable={false}
      focusable={true}
      onBlur={[Function]}
      onClick={[Function]}
      onFocus={[Function]}
      onResponderGrant={[Function]}
      onResponderMove={[Function]}
      onResponderRelease={[Function]}
      onResponderTerminate={[Function]}
      onResponderTerminationRequest={[Function]}
      onStartShouldSetResponder={[Function]}
    >
      <View
        animatedStyle={
          Object {
            "value": Object {
              "opacity": 0,
            },
          }
        }
        collapsable={false}
        style={
          Object {
            "backgroundColor": "rgba(0,0,0,0.25)",
            "height": "100%",
            "opacity": 0,
          }
        }
      />
    </View>
  </View>
</View>
`;
