// Jest Snapshot v1, https://goo.gl/fbAQLP

exports[`Storyshots Components Play Button 1`] = `
<View
  style={
    Object {
      "flex": 1,
    }
  }
>
  <View
    style={
      Object {
        "alignItems": "center",
        "flex": 1,
        "justifyContent": "center",
      }
    }
  >
    <View
      animatedStyle={
        Object {
          "value": Object {
            "transform": Array [
              Object {
                "scale": 1,
              },
            ],
          },
        }
      }
      collapsable={false}
      style={
        Object {
          "transform": Array [
            Object {
              "scale": 1,
            },
          ],
        }
      }
      testID="rn-video-play-button"
    >
      <View
        accessibilityRole="button"
        accessible={true}
        collapsable={false}
        focusable={true}
        onBlur={[Function]}
        onClick={[Function]}
        onFocus={[Function]}
        onResponderGrant={[Function]}
        onResponderMove={[Function]}
        onResponderRelease={[Function]}
        onResponderTerminate={[Function]}
        onResponderTerminationRequest={[Function]}
        onStartShouldSetResponder={[Function]}
        style={
          Object {
            "alignItems": "center",
            "height": 60,
            "justifyContent": "center",
            "width": 60,
          }
        }
      >
        <SvgMock
          height={50}
          testID="play-icon"
          width={50}
        />
      </View>
    </View>
  </View>
</View>
`;

exports[`Storyshots Components SVG Icons 1`] = `
<RCTScrollView>
  <View>
    <View
      style={
        Object {
          "alignItems": "center",
          "flexDirection": "row",
          "height": 50,
          "justifyContent": "space-between",
          "paddingHorizontal": 50,
        }
      }
    >
      <Text>
        FastForward
      </Text>
      <SvgMock
        height={25}
        width={25}
      />
    </View>
    <View
      style={
        Object {
          "alignItems": "center",
          "flexDirection": "row",
          "height": 50,
          "justifyContent": "space-between",
          "paddingHorizontal": 50,
        }
      }
    >
      <Text>
        Mute
      </Text>
      <SvgMock
        height={25}
        width={25}
      />
    </View>
    <View
      style={
        Object {
          "alignItems": "center",
          "flexDirection": "row",
          "height": 50,
          "justifyContent": "space-between",
          "paddingHorizontal": 50,
        }
      }
    >
      <Text>
        Pause
      </Text>
      <SvgMock
        height={25}
        width={25}
      />
    </View>
    <View
      style={
        Object {
          "alignItems": "center",
          "flexDirection": "row",
          "height": 50,
          "justifyContent": "space-between",
          "paddingHorizontal": 50,
        }
      }
    >
      <Text>
        Play
      </Text>
      <SvgMock
        height={25}
        width={25}
      />
    </View>
    <View
      style={
        Object {
          "alignItems": "center",
          "flexDirection": "row",
          "height": 50,
          "justifyContent": "space-between",
          "paddingHorizontal": 50,
        }
      }
    >
      <Text>
        Rewind
      </Text>
      <SvgMock
        height={25}
        width={25}
      />
    </View>
    <View
      style={
        Object {
          "alignItems": "center",
          "flexDirection": "row",
          "height": 50,
          "justifyContent": "space-between",
          "paddingHorizontal": 50,
        }
      }
    >
      <Text>
        Sound
      </Text>
      <SvgMock
        height={25}
        width={25}
      />
    </View>
  </View>
</RCTScrollView>
`;
